// Jest Snapshot v1, https://goo.gl/fbAQLP

exports[`Dyna Job Queue - jobFactory massive calls the jobs are called quickly on massive calls 1`] = `
Array [
  "id-0",
  "id-1",
  "id-2",
  "id-3",
  "id-4",
  "id-5",
  "id-6",
  "id-7",
  "id-8",
  "id-9",
  "id-10",
  "id-11",
  "id-12",
  "id-13",
  "id-14",
  "id-15",
  "id-16",
  "id-17",
  "id-18",
  "id-19",
  "id-0",
  "id-1",
  "id-2",
  "id-3",
  "id-4",
  "id-5",
  "id-6",
  "id-7",
  "id-8",
  "id-9",
  "id-10",
  "id-11",
  "id-12",
  "id-13",
  "id-14",
  "id-15",
  "id-16",
  "id-17",
  "id-18",
  "id-19",
]
`;

exports[`Test output of the addJobPromised Parallel 1: Uploaded files 1`] = `
Array [
  "1.txt",
  "2.txt",
  "3.txt",
  "4.txt",
  "5.txt",
]
`;
